// Jest Snapshot v1, https://goo.gl/fbAQLP

exports[`Snapshots Render country status 1`] = `<app />`;
